
> visible-wasp@0.0.1 build
> astro build

[2m12:21:31[22m [34m[@astrojs/node][39m Enabling sessions with filesystem storage
[2m12:21:32[22m [34m[content][39m Syncing content
[2m12:21:32[22m [34m[content][39m Synced content
[2m12:21:32[22m [34m[types][39m Generated [2m105ms[22m
[2m12:21:32[22m [34m[build][39m output: [34m"server"[39m
[2m12:21:32[22m [34m[build][39m mode: [34m"server"[39m
[2m12:21:32[22m [34m[build][39m directory: [34mD:\experimental\ComingSoon\dist\[39m
[2m12:21:32[22m [34m[build][39m adapter: [32m@astrojs/node[39m
[2m12:21:32[22m [34m[build][39m Collecting build info...
[2m12:21:32[22m [34m[build][39m [32mΓ£ô Completed in 220ms.[39m
[2m12:21:32[22m [34m[build][39m Building server entrypoints...
node.exe : [31m[1m12:21:33[22m [ERROR] [vite][39m 
[31mΓ£ù[39m Build failed in 1.09s
At C:\Users\Renaud Gagne\AppData\Roaming\npm\npm.ps1:24 
char:5
+     & "node$exe"  
"$basedir/node_modules/npm/bin/npm-cli.js" $args
+     ~~~~~~~~~~~~~~~~~~~~~~~~~~~~~~~~~~~~~~~~~~~~~~~~~~~~~~~
~~~~~~~
    + CategoryInfo          : NotSpecified: ([31m[1m12:21: 
   ...failed in 1.09s:String) [], RemoteException
    + FullyQualifiedErrorId : NativeCommandError
 
[@tailwindcss/vite:generate:build] Cannot apply unknown 
utility class `font-sans`. Are you using CSS modules or 
similar and missing `@reference`? https://tailwindcss.com/doc
s/functions-and-directives#reference-directive
file: D:/experimental/ComingSoon/src/styles/global.css
  [1mStack trace:[22m
[2m    at onInvalidCandidate (file:///D:/experimental/Coming
Soon/node_modules/tailwindcss/dist/chunk-L5IEUH3R.mjs:21:1314
)
    at file:///D:/experimental/ComingSoon/node_modules/tailwi
ndcss/dist/chunk-L5IEUH3R.mjs:21:355
    at I (file:///D:/experimental/ComingSoon/node_modules/tai
lwindcss/dist/chunk-L5IEUH3R.mjs:3:1377)
    at Gi (file:///D:/experimental/ComingSoon/node_modules/ta
ilwindcss/dist/chunk-L5IEUH3R.mjs:38:294)
    at async vf (file:///D:/experimental/ComingSoon/node_modu
les/tailwindcss/dist/chunk-L5IEUH3R.mjs:38:1406)[22m
